[walking-slice] hypothesis master seed = 1441490752954659070 (profile='dev')
........................................................................ [  3%]
........................................................................ [  7%]
